<?xml version="1.0" encoding="utf-8"?>
<XnaContent>
  <Asset Type="MyQuest.Map">
    <Name>mage_town_entrance_after</Name>
    <TextureSheetName>mushroom_forest</TextureSheetName>
    <TileDimensions>64 64</TileDimensions>
    <DimensionsInTiles>10 20</DimensionsInTiles>
    <GroundLayer>120 120 120 120 120 120 120 120 120 120 120 120 120 120 120 120 120 120 120 120 120 120 120 120 120 120 120 120 120 120 120 120 120 120 120 120 120 120 120 120 120 120 120 120 120 120 120 120 120 120 120 120 120 120 120 120 120 120 120 120 120 120 120 120 120 120 120 120 120 120 120 120 120 120 120 120 120 120 120 120 69 69 120 120 120 120 120 120 69 69 102 102 102 102 102 102 102 102 102 102 102 102 102 102 102 102 102 102 102 102 102 102 102 102 102 102 102 102 102 102 36 36 36 36 36 102 102 36 36 36 36 36 36 36 36 36 36 36 36 36 36 36 36 36 36 36 36 36 36 36 36 36 36 36 36 36 36 36 36 36 36 36 36 36 36 36 36 36 36 36 36 36 36 36 36 36 36 36 36 36 36 36 36 36 36 36 36 36 36 36 36 36 36 36 36 36 36 36 36 36</GroundLayer>
    <ForeGroundLayer>-1 -1 -1 -1 -1 -1 -1 -1 -1 -1 -1 -1 -1 -1 -1 -1 -1 -1 -1 -1 -1 -1 -1 -1 -1 -1 -1 -1 -1 -1 -1 -1 -1 -1 -1 -1 -1 -1 -1 -1 -1 -1 -1 -1 -1 -1 -1 -1 -1 -1 -1 -1 -1 -1 -1 -1 -1 -1 -1 -1 -1 -1 -1 -1 -1 -1 -1 -1 -1 -1 86 67 -1 -1 -1 -1 -1 -1 71 88 -1 -1 86 87 87 87 87 88 -1 -1 69 69 69 69 69 69 69 69 69 69 69 69 69 69 69 69 69 69 69 69 69 69 69 69 69 69 69 69 69 69 104 85 69 69 69 69 69 69 89 106 29 103 104 105 105 -1 105 106 30 29 30 29 30 27 63 60 64 28 29 30 33 30 27 -1 58 60 62 -1 30 29 26 27 -1 63 62 58 64 28 29 30 58 60 82 60 58 -1 63 60 26 27 63 64 -1 62 64 58 60 81 58 64 81 -1 63 64 -1 63 62 82 61 62</ForeGroundLayer>
    <FringeLayer>-1 -1 -1 -1 -1 -1 -1 -1 -1 -1 -1 -1 -1 -1 -1 -1 -1 -1 -1 -1 -1 -1 -1 -1 -1 -1 -1 -1 -1 -1 -1 -1 -1 -1 -1 -1 -1 -1 -1 -1 -1 -1 -1 -1 -1 -1 -1 -1 -1 -1 -1 -1 -1 -1 -1 -1 -1 -1 -1 -1 -1 -1 -1 -1 -1 -1 -1 -1 -1 -1 -1 -1 -1 -1 -1 -1 -1 -1 -1 -1 -1 -1 -1 -1 -1 -1 -1 -1 -1 -1 -1 -1 -1 -1 -1 -1 -1 -1 -1 -1 -1 -1 -1 -1 -1 -1 -1 -1 -1 -1 -1 -1 -1 -1 -1 -1 -1 -1 -1 -1 15 -1 -1 -1 -1 -1 -1 -1 8 9 -1 15 8 9 -1 105 -1 8 -1 -1 -1 -1 -1 -1 -1 -1 -1 -1 -1 -1 -1 -1 -1 -1 -1 -1 -1 8 -1 -1 -1 -1 -1 -1 -1 -1 -1 -1 -1 -1 -1 -1 -1 -1 -1 -1 -1 -1 -1 -1 -1 -1 -1 -1 -1 -1 -1 -1 -1 -1 -1 -1 -1 -1 -1 -1 -1 -1 -1 -1</FringeLayer>
    <CollisionLayer>1 1 1 1 1 1 1 1 1 1 1 1 1 1 1 1 1 1 1 1 1 1 1 1 1 1 1 1 1 1 1 1 1 1 1 1 1 1 1 1 1 1 1 1 1 1 1 1 1 1 1 1 1 1 1 1 1 1 1 1 1 1 0 0 0 0 0 1 1 1 0 0 0 0 0 0 0 0 0 0 0 0 0 0 0 0 0 0 0 0 0 0 0 0 0 0 0 0 0 0 0 0 0 0 0 0 0 0 0 0 0 0 0 0 0 0 0 0 0 0 0 0 0 0 0 0 0 0 0 0 0 0 0 0 0 1 0 0 0 0 0 0 0 0 1 1 1 0 0 0 0 0 0 1 1 1 1 0 0 0 0 0 1 1 1 1 1 0 0 0 1 1 1 1 1 1 1 1 0 0 1 1 1 1 1 1 1 1 1 1 1 1 1 1 1 1 1 1 1 1</CollisionLayer>
    <DamageLayer>0 0 0 0 0 0 0 0 0 0 0 0 0 0 0 0 0 0 0 0 0 0 0 0 0 0 0 0 0 0 0 0 0 0 0 0 0 0 0 0 0 0 0 0 0 0 0 0 0 0 0 0 0 0 0 0 0 0 0 0 0 0 0 0 0 0 0 0 0 0 0 0 0 0 0 0 0 0 0 0 0 0 0 0 0 0 0 0 0 0 0 0 0 0 0 0 0 0 0 0 0 0 0 0 0 0 0 0 0 0 0 0 0 0 0 0 0 0 0 0 0 0 0 0 0 0 0 0 0 0 0 0 0 0 0 0 0 0 0 0 0 0 0 0 0 0 0 0 0 0 0 0 0 0 0 0 0 0 0 0 0 0 0 0 0 0 0 0 0 0 0 0 0 0 0 0 0 0 0 0 0 0 0 0 0 0 0 0 0 0 0 0 0 0 0 0 0 0 0 0</DamageLayer>
    <CombatLayer>0 0 0 0 0 0 0 0 0 0 0 0 0 0 0 0 0 0 0 0 0 0 0 0 0 0 0 0 0 0 0 0 0 0 0 0 0 0 0 0 0 0 0 0 0 0 0 0 0 0 0 0 0 0 0 0 0 0 0 0 0 0 0 0 0 0 0 0 0 0 0 0 0 0 0 0 0 0 0 0 0 0 0 0 0 0 0 0 0 0 0 0 0 0 0 0 0 0 0 0 0 0 0 0 0 0 0 0 0 0 0 0 0 0 0 0 0 0 0 0 0 0 0 0 0 0 0 0 0 0 0 0 0 0 0 0 0 0 0 0 0 0 0 0 0 0 0 0 0 0 0 0 0 0 0 0 0 0 0 0 0 0 0 0 0 0 0 0 0 0 0 0 0 0 0 0 0 0 0 0 0 0 0 0 0 0 0 0 0 0 0 0 0 0 0 0 0 0 0 0</CombatLayer>
    <NpcEntries />
    <CutSceneEntries>
      <Item>
        <AssetName>WillEntersMageTownCutSceneScreen</AssetName>
        <TriggerPosition>3 16</TriggerPosition>
      </Item>
      <Item>
        <AssetName>WillEntersMageTownCutSceneScreen</AssetName>
        <TriggerPosition>4 16</TriggerPosition>
      </Item>
      <Item>
        <AssetName>WillEntersMageTownCutSceneScreen</AssetName>
        <TriggerPosition>5 16</TriggerPosition>
      </Item>
      <Item>
        <AssetName>WillEntersMageTownCutSceneScreen</AssetName>
        <TriggerPosition>6 16</TriggerPosition>
      </Item>
    </CutSceneEntries>
    <Portals>
      <Item>
        <DestinationMap>overworld</DestinationMap>
        <DestinationPosition>75 17</DestinationPosition>
        <Position>0 19</Position>
        <SoundCueName></SoundCueName>
        <DestinationDirection>South</DestinationDirection>
      </Item>
      <Item>
        <DestinationMap>overworld</DestinationMap>
        <DestinationPosition>75 17</DestinationPosition>
        <Position>1 19</Position>
        <SoundCueName></SoundCueName>
        <DestinationDirection>South</DestinationDirection>
      </Item>
      <Item>
        <DestinationMap>overworld</DestinationMap>
        <DestinationPosition>75 17</DestinationPosition>
        <Position>2 19</Position>
        <SoundCueName></SoundCueName>
        <DestinationDirection>South</DestinationDirection>
      </Item>
      <Item>
        <DestinationMap>overworld</DestinationMap>
        <DestinationPosition>75 17</DestinationPosition>
        <Position>3 19</Position>
        <SoundCueName></SoundCueName>
        <DestinationDirection>South</DestinationDirection>
      </Item>
      <Item>
        <DestinationMap>overworld</DestinationMap>
        <DestinationPosition>75 17</DestinationPosition>
        <Position>4 19</Position>
        <SoundCueName></SoundCueName>
        <DestinationDirection>South</DestinationDirection>
      </Item>
      <Item>
        <DestinationMap>overworld</DestinationMap>
        <DestinationPosition>75 17</DestinationPosition>
        <Position>5 19</Position>
        <SoundCueName></SoundCueName>
        <DestinationDirection>South</DestinationDirection>
      </Item>
      <Item>
        <DestinationMap>overworld</DestinationMap>
        <DestinationPosition>75 17</DestinationPosition>
        <Position>6 19</Position>
        <SoundCueName></SoundCueName>
        <DestinationDirection>South</DestinationDirection>
      </Item>
      <Item>
        <DestinationMap>overworld</DestinationMap>
        <DestinationPosition>75 17</DestinationPosition>
        <Position>7 19</Position>
        <SoundCueName></SoundCueName>
        <DestinationDirection>South</DestinationDirection>
      </Item>
      <Item>
        <DestinationMap>overworld</DestinationMap>
        <DestinationPosition>75 17</DestinationPosition>
        <Position>8 19</Position>
        <SoundCueName></SoundCueName>
        <DestinationDirection>South</DestinationDirection>
      </Item>
      <Item>
        <DestinationMap>overworld</DestinationMap>
        <DestinationPosition>75 17</DestinationPosition>
        <Position>9 19</Position>
        <SoundCueName></SoundCueName>
        <DestinationDirection>South</DestinationDirection>
      </Item>
      <Item>
        <DestinationMap>mage_town</DestinationMap>
        <DestinationPosition>12 57</DestinationPosition>
        <Position>5 13</Position>
        <SoundCueName></SoundCueName>
        <DestinationDirection>North</DestinationDirection>
      </Item>
    </Portals>
    <MusicCueName>MageTown</MusicCueName>
  </Asset>
</XnaContent>